
> suitemate-v3@3.25.0 test
> npm run build && find src tests/fixtures scripts \( -name '*.js' -o -name '*.mjs' \) -print0 | xargs -0 -n1 node --check && node --test tests/*.test.mjs && node tests/verify.mjs && npm run fixtures:verify


> suitemate-v3@3.25.0 build
> node scripts/build.mjs


  dist/material-palette.js  87.2kb

⚡ Done in 17ms

  dist/suiteql-studio.js  448.7kb

⚡ Done in 31ms
✔ exports one frozen versioned command registry (0.740833ms)
✔ enforces closed authenticated lookup schemas (0.438667ms)
✔ reuses the same bridge API and reports its live protocol version (0.433791ms)
✔ creates canonical requests and rejects malformed command payloads (1.766791ms)
✔ rejects oversized payloads before runtime messaging (15.960166ms)
✔ enforces command-specific route and frame authority (1.818084ms)
✔ rejects unsupported versions, unknown commands, and invalid request IDs (0.108166ms)
✔ normalizes response envelopes and rejects stale or malformed responses (0.276875ms)
✔ validates bounded CSV Export response metadata (0.151125ms)
✔ validates exact Record Trail responses (0.262292ms)
✔ client request validates the response and forwards no extra fields (0.26075ms)
✔ client request maps runtime failures, timeouts, and aborts (6.629417ms)
✔ dispatcher invokes only allowlisted handlers and normalizes failures (0.638917ms)
✔ dispatcher rejects duplicate in-flight request IDs per tab (1.057417ms)
✔ dispatcher cancellation aborts the active handler and releases its request (0.498584ms)
✔ dispatcher deadline aborts a silent handler and releases its request (0.849ms)
✔ dispatcher allows SuiteQL dispose to interrupt a start with the same request ID (0.730583ms)
✔ popup composes rapid color swap and appearance edits without stale rendering (18.505042ms)
✔ popup exports, confirms and atomically imports a validated settings backup (8.555042ms)
✔ popup rejects malformed backup text without touching storage (3.897958ms)
✔ popup leaves settings untouched when overwrite confirmation is cancelled (2.896208ms)
✔ popup rolls back its in-memory import when Chrome storage rejects the overwrite (3.919291ms)
✔ SuiteQL Console gives each shortcut one owner and Execute sends one start request (14.83075ms)
✔ SuiteQL Console Abort permits immediate restart and discards the abandoned completion (5.411208ms)
✔ SuiteQL Console can load a new query page while an aborted page request is still pending (5.765416ms)
✔ exports one deeply frozen versioned command registry (1.478333ms)
✔ normalizes shortcuts and rejects ambiguous combinations (5.536917ms)
✔ maps Mod consistently for macOS, Windows, Linux, display, ARIA, and CodeMirror (1.961792ms)
✔ keeps shortcut signatures collision-free within every surface and platform (1.330584ms)
✔ matches exact platform modifiers and rejects repeats, composition, AltGraph, and editable targets by default (5.234167ms)
✔ enforces route capability and settings availability from one descriptor (1.295167ms)
✔ applies labels, descriptions, shortcuts, and native link metadata from the registry (2.141625ms)
✔ scope rejects unknown, cross-surface, duplicate, unavailable, and busy invocations (2.588333ms)
✔ scope normalizes sync and async failures without leaking running state (2.234584ms)
✔ scope authorizes and executes against one context snapshot (1.426333ms)
✔ scope never executes a handler replaced during authorization (2.061083ms)
✔ scope fails closed when availability returns a promise (5.015125ms)
✔ scope consumes and reports a rejecting async availability predicate (5.758042ms)
✔ scope freezes only success envelopes and accepts hostile handler-owned values (3.466708ms)
✔ scope normalizes a thenable with a throwing then getter (3.756417ms)
✔ scope tracks allowed re-entry and rejects stale async completion after disposal (1.134625ms)
✔ allowed re-entry supports abort followed by immediate execution restart (1.104958ms)
✔ shortcut binding is idempotent, exact, and disposed with its scope (1.391416ms)
✔ CodeMirror bindings derive from registry shortcuts and share command availability (3.247084ms)
✔ exports one frozen versioned CSV baseline core (1.292125ms)
✔ limits CSV Export to saved record-like locations (0.428083ms)
✔ serializes RFC 4180 CSV and neutralizes spreadsheet formulas (0.947166ms)
✔ removes columns that are blank across every exported row (0.959583ms)
✔ validates event envelopes and renders only bounded result metadata (0.499375ms)
✔ main-world baseline survives unsupported sublists and missing custom forms (3.089417ms)
✔ main-world template downloads the same headers without record rows (2.236875ms)
✔ golden quality cases reject internal fields, raw fallbacks, HTML controls, and multiline output (3.665791ms)
✔ main-world baseline returns a readable failure instead of throwing (0.443667ms)
✔ the core keeps record values out of extension storage and network APIs (0.178042ms)
✔ readViewSnapshot exports visible columns and rows exactly as shown (0.547833ms)
✔ request and result details accept the exportView mode (0.359584ms)
✔ the runtime maps every mode to its own command (8.19825ms)
✔ readViewSnapshot dedupe never collides with literal duplicate labels (0.471709ms)
✔ result detail accepts a zero-row exportView (headers-only export) (0.277458ms)
✔ the CSV Utils menu wires the Export view item to the exportView mode (2.331708ms)
✔ main-world view export snapshots the visible grid, protects formulas and guards edit mode (1.439916ms)
✔ exports one frozen closed operation registry (1.667542ms)
✔ binds SuiteQL to the fixed private bridge and authorized document (1.097417ms)
✔ reads and deduplicates a fixed direct Record Trail query (1.486958ms)
✔ restricts authenticated category lookup to the current Import Assistant (1.207916ms)
✔ rejects stale documents, login redirects, and oversized responses (1.668708ms)
✔ normalizes NetSuite online errors and blocks cross-account category responses (1.117875ms)
✔ preserves pre-start cancellation tombstones (0.403292ms)
✔ returns a later category match but does not misreport total transport failure (0.801541ms)
✔ exports a frozen core with the Edit Mode storage and DOM contract (4.188459ms)
✔ reads the column axis from visible cells only and ignores excluded rows (1.273583ms)
✔ a segment-paged machine is read from the rows it is SHOWING, not its first lines (6.8055ms)
✔ correlation cost depends on how many rows are shown, never on WHICH lines (3.263041ms)
✔ the absolute line cap bounds the parse and degrades instead of refusing (13.768666ms)
✔ parses the machine's serialized field list and line data (0.518167ms)
✔ collapses display twins and drops option lists and bookkeeping mirrors (0.466208ms)
✔ scores label-to-field affinity in five tiers (0.330792ms)
✔ correlates the live label set onto the live field list (2.315625ms)
✔ an empty raw value under a rendered cell is penalised, not excluded (1.103625ms)
✔ per-column unanimity resolves what every optimum agrees on and holes the rest (0.718042ms)
✔ the owner's other Sales Order form mounts: 62 columns, 3 holes, no mis-key (61.749334ms)
✔ duplicate header labels are separated by position, never by name (0.554541ms)
✔ reads the column axis from the machine's hidden inputs and header labels (5.460375ms)
✔ readColumnIds fails closed on every unusable machine (0.738583ms)
✔ readColumnIdsFrom derives the axis across the mini-form boundary (6.314166ms)
✔ readColumnIdsFrom fails closed on every gate readColumnIds does (1.744292ms)
✔ clampWidth refuses a non-numeric width and honours the per-column floor (0.407292ms)
✔ normalizes the stored container fail-closed and refuses a newer schema (0.524834ms)
✔ writers merge, delete empty entries and evict over quota (1.157042ms)
✔ quota eviction spares other scopes on a clearing write and refuses an oversized entry (1.062708ms)
✔ derives a per-column minimum from the widest widget in that column (0.611209ms)
✔ applies widths to header cells only, clamped to the static bounds, and restores on clear (0.714375ms)
✔ applyWidths is idempotent under a TOTAL plan, and walks the columns a PARTIAL plan omits (1.864625ms)
✔ applyWidths' minimums parameter is provably inert — nothing passed there can move a width (1.561667ms)
✔ applyWidths keys widths by the axis it is handed, never by one it derives (1.192083ms)
✔ hides a column across the header and every aligned row, and nothing else (0.660084ms)
✔ applyHidden fails closed on an axis that is absent, empty or misaligned (0.433ms)
✔ ADJUDICATION #19: the reveal is unconditional — a stale class comes off a broken machine (0.626792ms)
✔ an excluded row is never hidden, even when it aligns to the header (0.347458ms)
✔ revealing needs no axis, and reaches the rows an apply can no longer key (0.424709ms)
✔ a hidden column stays on the axis, measured on the live twelve-column machine (2.576292ms)
✔ readCellText reads NetSuite's own text and never a node SuiteMate injected (0.477833ms)
✔ readHeaderLabels reads both header shapes, strips injections, and never opens the blank-label gate (2.02725ms)
✔ core has no DOM, storage, bridge or network authority (0.33775ms)
✔ neither mode can read the other's storage key, in EITHER direction (1.03525ms)
✔ the two modes write widths to disjoint key spaces, and neither reads the other's (0.974875ms)
✔ registers paused against the edit capability with a synchronous cleanup (11.053333ms)
✔ never registers on a View Mode record (0.89775ms)
✔ declines to install when the machine table is absent (1.008667ms)
✔ declines to install on a read-only edit page whose column axis cannot be decoded (0.83475ms)
✔ declines to install when the decoded axis carries duplicate ids (0.76275ms)
✔ mounts across the mini-form boundary, and declines when nothing holds the inputs (3.227708ms)
✔ declines to install when the machine has no container to bind to (0.701667ms)
✔ mounts one hidden marker, binds once and writes nothing (3.379291ms)
✔ refuses a newer stored schema with one warning across repaints (1.697166ms)
✔ absorbs a rejected storage read as an ordinary failure, logged once (1.076416ms)
✔ teardown is synchronous, unstamps the page and can remount afterwards (1.25ms)
✔ turning the setting off tears down and turning it back on remounts (1.578666ms)
✔ the runtime's own pagehide handler disposes only on a real navigation (0.9595ms)
✔ an install interrupted by teardown never lands on the stale generation (0.949625ms)
✔ relevance reacts to machine mutations and drops records targeted at owned nodes (1.032584ms)
✔ body-level churn around the machine is not relevant, but churn inside it is (0.916666ms)
✔ the install that mounts does not schedule the next install (0.861667ms)
✔ installs without a session status script and without its identifiers (2.346708ms)
✔ the column axis is derived on a native DOM, pinned, and never re-derived under a permutation (1.736958ms)
✔ teardown clears the pinned axis, the applied order and the mismatch latch (0.190875ms)
✔ an install whose second axis read comes back empty never reaches applyAll, and reseeds nothing (1.287459ms)
✔ the save queue survives a rejected operation and a teardown (1.129042ms)
✔ every axis read in the runtime goes through the pin (0.164416ms)
✔ a machine id that is not a bare identifier is never spliced into a selector (2.299125ms)
✔ a drag on a header edge resizes that column, freezes the machine and writes once (2.709667ms)
✔ only the 5px edge zone starts a gesture, and the hover marker never lingers (1.564625ms)
✔ the column floor is measured at the moment of the clamp, never carried from pointerdown (1.876875ms)
✔ stored widths are restored on install, applied through the pinned axis, and cost no write (1.369084ms)
✔ a repaint restores the widths the mount froze, never a re-measured redistribution (3.17425ms)
✔ a widget wider than its column never raises that column, and never becomes its frozen width (1.935708ms)
✔ a restore never widens a column nobody dragged, and re-applying it writes the same bytes (3.809709ms)
✔ an install landing between pointerup and the write does not discard the gesture (2.537959ms)
✔ both halves of the reseed guard are load-bearing: a save in flight, and a save already done (5.248417ms)
✔ a header index is only a column key while the axis and the header are the same width (1.111084ms)
✔ a repaint with a line open still restores the widths (1.9475ms)
✔ an install whose rendering already equals the target touches no cell (2.27375ms)
✔ the target signature predicts what core writes, zero-rendered column included (2.250333ms)
✔ each gesture writes its own snapshot, never a map a later gesture has moved (1.858375ms)
✔ a save whose mount was torn down before it ran writes nothing (4.154417ms)
✔ teardown restores the native layout, drops a live gesture and forgets the widths (1.877125ms)
✔ every width apply hands core the pinned axis, and only teardown clears without one (0.755958ms)
✔ hiding a column through the menu writes once, hides BY CLASS, and never moves the axis (2.589292ms)
✔ ADJUDICATION #20: a width is never planned from a column we are hiding (2.458875ms)
✔ ADJUDICATION #20 SURVIVES A REPAINT — no width is ever measured once the machine left its own layout (2.867041ms)
✔ ADJUDICATION #20 SURVIVES A TEARDOWN — a dead mount's `fixed` never starves the next one (2.341875ms)
✔ ADJUDICATION #20 SURVIVES A LEFTOVER LAYOUT — a `fixed` this mount did not set never blocks the measurement (2.372792ms)
✔ the Columns menu fails closed on a machine whose axis cannot be read (0.985583ms)
✔ the standard harness machine resolves every column — no hole, unchanged ids (2.023584ms)
✔ an unresolved column is listed, checked, disabled and unkeyable (0.999083ms)
✔ STORAGE SAFETY: nothing about an unresolved column can reach storage (3.177375ms)
✔ paging to another segment re-hides the user's columns on the rows it swapped in (3.026166ms)
✔ a segment that corroborates less HOLES a column without latching the mount (1.531375ms)
✔ a chip reveals its column, and neither direction writes an inline display (1.95375ms)
✔ the CLASS is the only channel, and a cell NetSuite hides after our apply is never resurrected (1.404625ms)
✔ an open line changes NOTHING about what is hidden, and the repaint it causes puts it back (1.848875ms)
✔ the hidden set survives the whole open → edit → commit cycle (2.327167ms)
✔ no edit anywhere brings a hidden column back — entry row, open line, or a row nobody focused (2.999208ms)
✔ A3.2: the menu's tick seeds from the STORED set, never from what the column renders (1.412708ms)
✔ a column NetSuite stars is never hidden, whatever the container says — and the container is KEPT (1.871583ms)
✔ the hide choke point refuses a starred column, with no write and no DOM change (1.553709ms)
✔ the choke point is armed BEFORE the install's storage read, not only after it (2.03225ms)
✔ the star is read from the FORM, so a machine that stars nothing hides that same column (1.375125ms)
✔ a hide made WHILE a line is open lands on the spot, and still writes exactly once (4.346958ms)
✔ two hide gestures with nothing between them each write their OWN snapshot (1.780541ms)
✔ an install that applies NOTHING still shows the chips for what is stored (1.676042ms)
✔ focus moving inside the machine repairs a drifted render, and costs nothing when it is current (1.943625ms)
✔ teardown strips the class, the bar and the menu, and a remount rebuilds them (2.043084ms)
✔ an install landing in a hide's save gap does not discard the gesture (2.327916ms)
✔ the scope key is latched: an install that cannot read the session keeps the user's key (1.816625ms)
✔ a hide that only got half-way is re-applied, not sealed in by the header-only signature (3.491208ms)
✔ the column menu closes on an outside click and on Escape, and leaves no listener behind (1.566708ms)
✔ UI PARITY: Reset restores the machine, empties the container in ONE write, and the mount stays (2.16475ms)
✔ UI PARITY: Reset never writes a required column, and a machine with nothing stored resets to nothing (1.877333ms)
✔ UI PARITY: a width set AFTER a reset is planned from the machine, not from the layout that was reset away (2.061583ms)
✔ UI PARITY: Reset against a NEWER stored schema refuses, and does not wipe the container (0.9765ms)
✔ UI PARITY: a header ▼ hides its own column, through the same choke point as the menu (1.641583ms)
✔ UI PARITY: the header ▼ refuses a required column and an unresolved one, the same way the menu does (3.707375ms)
✔ UI PARITY: the header menu shares the Columns menu's dismisser, and the ▼ toggles (3.102125ms)
✔ UI PARITY: moving between header ▼s takes ONE click, because the menu knows which arrow owns it (4.495375ms)
✔ UI PARITY: the ▼ comes back after a repaint, exactly one per cell, without perturbing convergence (1.883666ms)
✔ teardown releases the bindings even when the machine table is already detached (1.147042ms)
✔ runtime owns no observer, no HTML sink and no View Mode storage (0.666875ms)
✔ every stylesheet rule is scoped to the feature and every hide rule wins (0.959417ms)
✔ SIGHTING FOUR: the control bar out-specifies the rule that was hiding it (1.699958ms)
✔ the bound-attribute rule is anchored where the runtime actually stamps (0.266542ms)
✔ fixture catalog covers every classified NetSuite route with a Classic baseline (3.371417ms)
✔ fixture catalog exercises every page-specific stylesheet from the manifest (12.132583ms)
✔ Classic route harness mirrors production load order and remains local (6.048083ms)
✔ every route and retained Redwood contract has a valid screenshot baseline (51.658625ms)
✔ exports a frozen versioned form-views core (1.703041ms)
✔ withHiddenFields stores, dedupes, lowercases, clears and fails closed (0.913167ms)
✔ withCollapsedSections trims, dedupes and coexists with hidden fields (1.832208ms)
✔ normalizeStored rejects garbage, newer schema and hostile keys (0.409ms)
✔ quota eviction keeps only the entry being written (1.5845ms)
✔ schema-2 containers from the deferred layout builder read through (0.895917ms)
✔ fieldKey prefers data-field-name and falls back to the walkthrough hook (0.377542ms)
✔ sectionKey clone-strips injected nodes and collapses whitespace (1.748209ms)
✔ applyFieldVisibility toggles the hide class from the stored set (0.408625ms)
✔ exports a frozen bounded identifier parser (0.94575ms)
✔ extracts V1 field, button, sublist and sublist-column IDs (1.501542ms)
✔ parses only the supported V1 list-header handler signatures (0.941875ms)
✔ decodes customization-grid script IDs without exposing row values (0.738416ms)
✔ core has no DOM, storage, bridge or network authority (0.216375ms)
✔ exports one per-document singleton and installs global listeners once (1.659458ms)
✔ shares one native observer and batches deliveries across independent watchers (4.408833ms)
✔ replaces duplicate watcher ids and stale handles cannot remove replacements (1.334792ms)
✔ rejects accidental duplicate ids unless replacement is explicit (1.10275ms)
✔ isolates callback failures and keeps other watchers running (1.951666ms)
✔ one-shot watchers stop observing after success and restart on route refresh (2.061417ms)
✔ waitFor resolves immediately, from mutations, on timeout, and on abort (8.698875ms)
✔ route capability loss cleans up and the reverse transition activates once (2.833542ms)
✔ pause, pagehide, and disposeAll invalidate work and disconnect the observer (3.067416ms)
✔ invalidates stale asynchronous generations before they can mutate state (1.749833ms)
✔ suspends bfcache pages and reactivates watchers on pageshow (3.862584ms)
SuiteMate V3 Record Trail command failed. TypeError: Cannot read properties of undefined (reading 'create')
    at openRecordTrail (evalmachine.<anonymous>:287:32)
    at Object.run (evalmachine.<anonymous>:55:27)
    at Object.invoke (evalmachine.<anonymous>:869:32)
    at evalmachine.<anonymous>:331:35
    at Element.emit (file:///private/tmp/claude-503/-Users-Bivek-Shah-Documents-suitemate-suitematev3/ae314c18-f00e-46db-85bf-496391553538/scratchpad/pr32/tests/record-trail.test.mjs:190:9)
    at TestContext.<anonymous> (file:///private/tmp/claude-503/-Users-Bivek-Shah-Documents-suitemate-suitematev3/ae314c18-f00e-46db-85bf-496391553538/scratchpad/pr32/tests/record-trail.test.mjs:462:11)
    at async Test.run (node:internal/test_runner/test:1125:7)
    at async startSubtestAfterBootstrap (node:internal/test_runner/harness:358:3)
SuiteMate V3 Record Trail is unavailable. {
  code: 'COMMAND_FAILED',
  message: "Cannot read properties of undefined (reading 'create')",
  details: ''
}
✖ Record Trail installs once, renders safely, cancels stale refreshes and restores focus (9.35875ms)
✔ exports stable route and capability constants (0.504292ms)
✔ normalizes repeated path separators without decoding or changing case (0.111792ms)
✔ enforces one strict NetSuite account-host policy (0.138333ms)
✔ classifies environments and frame state independently from page family (0.558625ms)
✔ preserves existing page flags used by the V1 CSS layer (0.42975ms)
✔ activates SuiteQL Console only from the exact route and parameter presence (1.534333ms)
✔ keeps global styling and notifications available in supported child frames (0.098292ms)
✔ allows Internal IDs on trusted NetSuite pages and same-account frames (0.1925ms)
✔ preserves the broad CSV Import route probe while excluding known non-record results (0.327334ms)
✔ limits CSV Export to saved top-frame records with a numeric ID (0.268417ms)
✔ limits Record Trail to saved top-frame transaction view pages (1.013459ms)
✔ limits transaction column personalization to top-frame view mode (0.90225ms)
✔ limits form views to top-frame Sales Order view mode (0.160042ms)
✔ limits edit-mode transaction column personalization to top-frame Sales Order edit URLs (0.237625ms)
✔ isolates Import Assistant context and bridge capabilities (0.167417ms)
✔ requires exact top-frame sender authority for privileged bridges (0.238459ms)
✔ keeps popup SuiteQL launch account-scoped and rejects excluded hosts (0.064167ms)
✔ serializes route metadata without leaking the SuiteQL activation parameter (0.114875ms)
✔ theme ignores a stale settings read after a newer storage update (6.51425ms)
✔ Internal IDs follows its setting live and removes only owned badges (3.147125ms)
✔ SuiteMate toasts stack on the right, use text only and dismiss reliably (1.714375ms)
✔ CSV Utils rejects stale installation and routes Import, Export and Template independently (7.038458ms)
✔ CSV Utils Export and Template invoke the typed bridge and report their downloads (4.781542ms)
✔ Import Assistant does not write a subtype after its sourced option wait fails (2.319834ms)
✔ creates a versioned UTF-8 backup and restores canonical settings (6.011667ms)
✔ imports a canonical schema 1 backup through the current settings migration (0.608375ms)
✔ imports a canonical schema 2 backup through the current settings migration (4.122667ms)
✔ rejects empty, unrecognized and malformed encoded input (0.655917ms)
✔ rejects wrong application, future backup format and invalid timestamps (2.652ms)
✔ rejects schema mismatches, future settings and non-canonical data (0.852417ms)
✔ rejects oversized settings both before export and after decoding (1.225084ms)
✔ transfer core has no storage, network or DOM authority (0.154917ms)
✔ parses hand-built schema 3, 4 and 5 backups through the legacy branch (1.871042ms)
✔ exports a stable versioned schema and current defaults (1.7ms)
✔ migrates legacy appearance and role themes without changing their meaning (0.627542ms)
✔ migrates schema 1 settings and preserves an explicit Internal IDs preference (0.323084ms)
✔ migrates schema 2 settings and preserves an explicit column personalization preference (0.307459ms)
✔ repairs invalid declared settings while preserving valid role data (0.357583ms)
✔ rejects invalid and future schema versions with typed errors (1.545708ms)
✔ reads legacy settings in memory without producing migration writes (0.450916ms)
✔ ensureCurrentSchema persists one canonical migration and then becomes idempotent (0.505ms)
✔ set writes one canonical object and storage values are returned by copy (0.454167ms)
✔ validateForStorage normalizes and enforces the same limit without writing (0.357334ms)
✔ role operations preserve schema version and unrelated roles (0.385709ms)
✔ future settings cannot be read, migrated or overwritten by an older release (0.441666ms)
✔ rejects settings before Chrome sync produces an opaque quota failure (1.135583ms)
✔ propagates Chrome storage failures without reporting false success (0.638208ms)
✔ migrates schema 5 to 6 by adding the edit-mode grid flag (0.338125ms)
✔ exports a frozen core with the column-order storage contract (1.265042ms)
✔ plans saved orders by label with stable native fallbacks (4.45025ms)
✔ pins duplicate and empty labels to their native positions (0.383ms)
✔ normalizeStored rejects garbage, newer versions and hostile keys (3.04325ms)
✔ normalizeStored migrates v1 arrays and accepts v2 entries (0.470292ms)
✔ withHidden stores, clears and preserves order in the same entry (0.500375ms)
✔ withWidths stores clamped widths, merges with the entry and clears (0.507875ms)
✔ withSort stores, merges, clears and fails closed (0.359375ms)
✔ withFilters normalizes, caps and clears (0.543375ms)
✔ schema v2 passes through under v3 and v4 is refused (0.410834ms)
✔ clearing the last field deletes the whole entry across all writers (1.781459ms)
✔ applyWidths freezes visible columns, honors stored widths and clears (0.604333ms)
✔ applyWidths re-measures unstored columns every call — DEFECT, pinned so it cannot resurface unnoticed (0.538083ms)
✔ applyWidths batches every layout read before the first width write (0.627584ms)
✔ applyHidden hides matching columns in every aligned row and unhides (0.459334ms)
✔ withOrder writes, deletes and preserves sibling scopes (0.36675ms)
✔ withOrder refuses to rewrite a newer storage schema (0.244958ms)
✔ readCellLabel strips injected SuiteMate badge nodes (0.290833ms)
✔ withOrder evicts sibling scopes when the payload would exceed the sync quota (0.356958ms)
✔ readHeaderLabels trims header-cell text and fails closed (0.3045ms)
✔ captureNativeOrder stamps pristine order and survives reorders (0.634042ms)
✔ applyOrder reorders every aligned row and skips colspan rows (0.400209ms)
✔ applyOrder fails closed without mutating on mismatched targets (0.305292ms)
✔ detectColumnKind and parseSortValue handle text, currency and dates (0.480708ms)
✔ sortRows sorts asc, desc and native with empties last and summary anchored (0.602166ms)
✔ sortRows fails closed on non-contiguous rows and invalid input (0.302417ms)
✔ parseFilterQuery and matchesFilter cover text and numeric operators (0.379334ms)
✔ matchesFilter supports multi-select anyOf within a column (0.379208ms)
✔ applyFilters ORs multi-select values within a column, ANDs across columns (0.447709ms)
✔ applyFilters hides non-matching rows, AND-combines and unhides (0.36425ms)
✔ distinctColumnValues lists unique values and respects the cap (0.300417ms)
✔ list-style rows (Item Fulfillment) sort, filter, hide and list values (0.354167ms)
✔ core has no DOM, storage, bridge or network authority (0.169292ms)
✔ exports a frozen versioned tab-title core (1.01025ms)
✔ parseRecordPath maps known record tokens and rejects the rest (2.2325ms)
✔ titleCaseStatus humanizes all-caps statuses only (1.764375ms)
✔ extractHeaderParts splits document number, strips injected nodes and truncates (2.317541ms)
✔ composeTitle joins parts and refuses degraded titles (0.441042ms)
✔ loads without browser globals or initialization side effects (1.284292ms)
✔ same-version registration is idempotent and incompatible globals are preserved (0.509625ms)
✔ deepFreeze handles cycles without reading accessors or traversing host objects (0.356667ms)
✔ normalizes hex colors and counts UTF-8 bytes (0.428458ms)
✔ normalizes hostile errors without throwing or leaking stacks by default (0.5515ms)
✔ serializes RFC 4180 CSV with formula protection and stable matrix order (0.6685ms)
✔ clipboard writes synchronously inside the caller gesture and returns typed results (0.597875ms)
✔ clipboard disposal invalidates a pending completion (0.334959ms)
✔ downloads text with one BOM and deterministic anchor cleanup and revocation (0.52575ms)
✔ download revokes immediately on click failure and fails in worker context (0.350375ms)
✔ notice controller uses textContent, cancels stale timers and supports persistent notices (0.385666ms)
ℹ tests 318
ℹ suites 0
ℹ pass 317
ℹ fail 1
ℹ cancelled 0
ℹ skipped 0
ℹ todo 0
ℹ duration_ms 379.756834

✖ failing tests:

test at tests/record-trail.test.mjs:329:1
✖ Record Trail installs once, renders safely, cancels stale refreshes and restores focus (9.35875ms)
  AssertionError [ERR_ASSERTION]: Expected values to be strictly equal:
  
  false !== true
  
      at TestContext.<anonymous> (file:///private/tmp/claude-503/-Users-Bivek-Shah-Documents-suitemate-suitematev3/ae314c18-f00e-46db-85bf-496391553538/scratchpad/pr32/tests/record-trail.test.mjs:470:10)
      at async Test.run (node:internal/test_runner/test:1125:7)
      at async startSubtestAfterBootstrap (node:internal/test_runner/harness:358:3) {
    generatedMessage: true,
    code: 'ERR_ASSERTION',
    actual: false,
    expected: true,
    operator: 'strictEqual',
    diff: 'simple'
  }
